#
# There is insufficient memory for the Java Runtime Environment to continue.
# Native memory allocation (malloc) failed to allocate 1704656 bytes. Error detail: Chunk::new
# Possible reasons:
#   The system is out of physical RAM or swap space
#   This process is running with CompressedOops enabled, and the Java Heap may be blocking the growth of the native heap
# Possible solutions:
#   Reduce memory load on the system
#   Increase physical memory or swap space
#   Check if swap backing store is full
#   Decrease Java heap size (-Xmx/-Xms)
#   Decrease number of Java threads
#   Decrease Java thread stack sizes (-Xss)
#   Set larger code cache with -XX:ReservedCodeCacheSize=
#   JVM is running with Unscaled Compressed Oops mode in which the Java heap is
#     placed in the first 4GB address space. The Java Heap base address is the
#     maximum limit for the native heap growth. Please use -XX:HeapBaseMinAddress
#     to set the Java Heap base and to place the Java Heap above 4GB virtual address.
# This output file may be truncated or incomplete.
#
#  Out of Memory Error (arena.cpp:168), pid=17072, tid=15532
#
# JRE version: OpenJDK Runtime Environment Temurin-21.0.10+7 (21.0.10+7) (build 21.0.10+7-LTS)
# Java VM: OpenJDK 64-Bit Server VM Temurin-21.0.10+7 (21.0.10+7-LTS, mixed mode, sharing, tiered, compressed oops, compressed class ptrs, parallel gc, windows-amd64)
# No core dump will be written. Minidumps are not enabled by default on client versions of Windows
#

---------------  S U M M A R Y ------------

Command Line: --add-modules=ALL-SYSTEM --add-opens=java.base/java.util=ALL-UNNAMED --add-opens=java.base/java.lang=ALL-UNNAMED --add-opens=java.base/sun.nio.fs=ALL-UNNAMED -Declipse.application=org.eclipse.jdt.ls.core.id1 -Dosgi.bundles.defaultStartLevel=4 -Declipse.product=org.eclipse.jdt.ls.core.product -Djava.import.generatesMetadataFilesAtProjectRoot=false -DDetectVMInstallationsJob.disabled=true -Dfile.encoding=utf8 -XX:+UseParallelGC -XX:GCTimeRatio=4 -XX:AdaptiveSizePolicyWeight=90 -Dsun.zip.disableMemoryMapping=true -Xmx2G -Xms100m -Xlog:disable -javaagent:c:\Users\effim\.vscode\extensions\redhat.java-1.54.0-win32-x64\lombok\lombok-1.18.39-4050.jar -XX:+HeapDumpOnOutOfMemoryError -XX:HeapDumpPath=c:\Users\effim\AppData\Roaming\Code\User\workspaceStorage\ab009956ade65e3582adff010e13fee3\redhat.java -Daether.dependencyCollector.impl=bf c:\Users\effim\.vscode\extensions\redhat.java-1.54.0-win32-x64\server\plugins\org.eclipse.equinox.launcher_1.7.100.v20251111-0406.jar -configuration c:\Users\effim\AppData\Roaming\Code\User\globalStorage\redhat.java\1.54.0\config_win -data c:\Users\effim\AppData\Roaming\Code\User\workspaceStorage\ab009956ade65e3582adff010e13fee3\redhat.java\jdt_ws --pipe=\\.\pipe\lsp-acb30e2208094a1246ade42b25e990b2-sock

Host: AMD Ryzen 7 5700U with Radeon Graphics         , 16 cores, 5G,  Windows 11 , 64 bit Build 26100 (10.0.26100.7309)
Time: Fri Jun 12 20:43:44 2026 Eastern Daylight Time elapsed time: 105.288528 seconds (0d 0h 1m 45s)

---------------  T H R E A D  ---------------

Current thread (0x000001df005fb290):  JavaThread "C2 CompilerThread0" daemon [_thread_in_native, id=15532, stack(0x0000005bff000000,0x0000005bff100000) (1024K)]


Current CompileTask:
C2:105289 12526       4       org.eclipse.jdt.internal.compiler.parser.Parser::consumeRule (7843 bytes)

Stack: [0x0000005bff000000,0x0000005bff100000]
Native frames: (J=compiled Java code, j=interpreted, Vv=VM code, C=native code)
V  [jvm.dll+0x6d7a39]
V  [jvm.dll+0x8b4b26]
V  [jvm.dll+0x8b70de]
V  [jvm.dll+0x8b77c3]
V  [jvm.dll+0x284346]
V  [jvm.dll+0xc66ed]
V  [jvm.dll+0xc6c31]
V  [jvm.dll+0x3bec01]
V  [jvm.dll+0x38b162]
V  [jvm.dll+0x38a5aa]
V  [jvm.dll+0x24c560]
V  [jvm.dll+0x24bb40]
V  [jvm.dll+0x1cb34e]
V  [jvm.dll+0x25b85d]
V  [jvm.dll+0x259dea]
V  [jvm.dll+0x3f857e]
V  [jvm.dll+0x85f59d]
V  [jvm.dll+0x6d626d]
C  [ucrtbase.dll+0x37b0]
C  [KERNEL32.DLL+0x2e8d7]
C  [ntdll.dll+0x8c53c]


---------------  P R O C E S S  ---------------

Threads class SMR info:
_java_thread_list=0x000001df4db31c70, length=64, elements={
0x000001df69a21d10, 0x000001df69acde50, 0x000001df005e9290, 0x000001df005efe50,
0x000001df005f28c0, 0x000001df005f68d0, 0x000001df005f9af0, 0x000001df005fb290,
0x000001df42b40d90, 0x000001df42d45f60, 0x000001df443f24a0, 0x000001df44b4afb0,
0x000001df49065f20, 0x000001df49067960, 0x000001df49068680, 0x000001df49067ff0,
0x000001df49066c40, 0x000001df49065200, 0x000001df49065890, 0x000001df490665b0,
0x000001df449bdaa0, 0x000001df449bc060, 0x000001df449bb340, 0x000001df449bd410,
0x000001df449be7c0, 0x000001df449bb9d0, 0x000001df449c0200, 0x000001df449bfb70,
0x000001df449bf4e0, 0x000001df449bcd80, 0x000001df449c0f20, 0x000001df449c0890,
0x000001df449c15b0, 0x000001df449c1c40, 0x000001df449c22d0, 0x000001df449c2960,
0x000001df4aa30800, 0x000001df4aa2f450, 0x000001df4aa2e0a0, 0x000001df4aa2fae0,
0x000001df4aa2da10, 0x000001df4aa30170, 0x000001df4aa2e730, 0x000001df4aa2edc0,
0x000001df4aa2d380, 0x000001df4aa32f60, 0x000001df4aa30e90, 0x000001df4aa31bb0,
0x000001df4aa31520, 0x000001df4aec2530, 0x000001df4aebf740, 0x000001df4aec3250,
0x000001df4aebf0b0, 0x000001df4aec38e0, 0x000001df4aec0460, 0x000001df4aec4600,
0x000001df4aec1180, 0x000001df4aec4c90, 0x000001df4aec59b0, 0x000001df4aec6040,
0x000001df4aec66d0, 0x000001df449bc6f0, 0x000001df4dd03480, 0x000001df4aa32240
}

Java Threads: ( => current thread )
  0x000001df69a21d10 JavaThread "main"                              [_thread_blocked, id=16052, stack(0x0000005bfe600000,0x0000005bfe700000) (1024K)]
  0x000001df69acde50 JavaThread "Reference Handler"          daemon [_thread_blocked, id=3108, stack(0x0000005bfea00000,0x0000005bfeb00000) (1024K)]
  0x000001df005e9290 JavaThread "Finalizer"                  daemon [_thread_blocked, id=3900, stack(0x0000005bfeb00000,0x0000005bfec00000) (1024K)]
  0x000001df005efe50 JavaThread "Signal Dispatcher"          daemon [_thread_blocked, id=19304, stack(0x0000005bfec00000,0x0000005bfed00000) (1024K)]
  0x000001df005f28c0 JavaThread "Attach Listener"            daemon [_thread_blocked, id=2880, stack(0x0000005bfed00000,0x0000005bfee00000) (1024K)]
  0x000001df005f68d0 JavaThread "Service Thread"             daemon [_thread_blocked, id=18400, stack(0x0000005bfee00000,0x0000005bfef00000) (1024K)]
  0x000001df005f9af0 JavaThread "Monitor Deflation Thread"   daemon [_thread_blocked, id=17856, stack(0x0000005bfef00000,0x0000005bff000000) (1024K)]
=>0x000001df005fb290 JavaThread "C2 CompilerThread0"         daemon [_thread_in_native, id=15532, stack(0x0000005bff000000,0x0000005bff100000) (1024K)]
  0x000001df42b40d90 JavaThread "C1 CompilerThread0"         daemon [_thread_blocked, id=2488, stack(0x0000005bff100000,0x0000005bff200000) (1024K)]
  0x000001df42d45f60 JavaThread "Common-Cleaner"             daemon [_thread_blocked, id=1228, stack(0x0000005bff500000,0x0000005bff600000) (1024K)]
  0x000001df443f24a0 JavaThread "Notification Thread"        daemon [_thread_blocked, id=17584, stack(0x0000005bff600000,0x0000005bff700000) (1024K)]
  0x000001df44b4afb0 JavaThread "Active Thread: Equinox Container: 5e5e3389-e931-4eb7-9d18-6306c49c1845"        [_thread_blocked, id=3664, stack(0x0000005bff700000,0x0000005bff800000) (1024K)]
  0x000001df49065f20 JavaThread "Refresh Thread: Equinox Container: 5e5e3389-e931-4eb7-9d18-6306c49c1845" daemon [_thread_blocked, id=9464, stack(0x0000005b80000000,0x0000005b80100000) (1024K)]
  0x000001df49067960 JavaThread "Framework Event Dispatcher: Equinox Container: 5e5e3389-e931-4eb7-9d18-6306c49c1845" daemon [_thread_blocked, id=8056, stack(0x0000005b80100000,0x0000005b80200000) (1024K)]
  0x000001df49068680 JavaThread "Start Level: Equinox Container: 5e5e3389-e931-4eb7-9d18-6306c49c1845" daemon [_thread_blocked, id=12100, stack(0x0000005b80200000,0x0000005b80300000) (1024K)]
  0x000001df49067ff0 JavaThread "Bundle File Closer"         daemon [_thread_blocked, id=16080, stack(0x0000005b80700000,0x0000005b80800000) (1024K)]
  0x000001df49066c40 JavaThread "SCR Component Actor"        daemon [_thread_blocked, id=3660, stack(0x0000005b80600000,0x0000005b80700000) (1024K)]
  0x000001df49065200 JavaThread "Worker-JM"                         [_thread_blocked, id=14792, stack(0x0000005b80800000,0x0000005b80900000) (1024K)]
  0x000001df49065890 JavaThread "JNA Cleaner"                daemon [_thread_blocked, id=1536, stack(0x0000005b80d00000,0x0000005b80e00000) (1024K)]
  0x000001df490665b0 JavaThread "Worker-0"                          [_thread_blocked, id=15380, stack(0x0000005b80c00000,0x0000005b80d00000) (1024K)]
  0x000001df449bdaa0 JavaThread "Worker-1: Refreshing workspace"        [_thread_blocked, id=20316, stack(0x0000005b80e00000,0x0000005b80f00000) (1024K)]
  0x000001df449bc060 JavaThread "Worker-2"                          [_thread_blocked, id=15388, stack(0x0000005b81000000,0x0000005b81100000) (1024K)]
  0x000001df449bb340 JavaThread "Worker-3: Initialize Workspace"        [_thread_blocked, id=10020, stack(0x0000005b81100000,0x0000005b81200000) (1024K)]
  0x000001df449bd410 JavaThread "Worker-4"                          [_thread_blocked, id=8696, stack(0x0000005b81300000,0x0000005b81400000) (1024K)]
  0x000001df449be7c0 JavaThread "Java indexing"              daemon [_thread_blocked, id=12992, stack(0x0000005b81400000,0x0000005b81500000) (1024K)]
  0x000001df449bb9d0 JavaThread "Worker-5: Java indexing... "        [_thread_blocked, id=15368, stack(0x0000005b81500000,0x0000005b81600000) (1024K)]
  0x000001df449c0200 JavaThread "Worker-6: Synchronize Gradle projects with workspace"        [_thread_blocked, id=7216, stack(0x0000005b81800000,0x0000005b81900000) (1024K)]
  0x000001df449bfb70 JavaThread "Thread-1"                   daemon [_thread_in_native, id=10140, stack(0x0000005b81900000,0x0000005b81a00000) (1024K)]
  0x000001df449bf4e0 JavaThread "Thread-2"                   daemon [_thread_in_native, id=12620, stack(0x0000005b81a00000,0x0000005b81b00000) (1024K)]
  0x000001df449bcd80 JavaThread "Thread-3"                   daemon [_thread_in_native, id=18756, stack(0x0000005b81b00000,0x0000005b81c00000) (1024K)]
  0x000001df449c0f20 JavaThread "Thread-4"                   daemon [_thread_in_native, id=12376, stack(0x0000005b81c00000,0x0000005b81d00000) (1024K)]
  0x000001df449c0890 JavaThread "Thread-5"                   daemon [_thread_in_native, id=8952, stack(0x0000005b81d00000,0x0000005b81e00000) (1024K)]
  0x000001df449c15b0 JavaThread "Thread-6"                   daemon [_thread_in_native, id=15524, stack(0x0000005b81e00000,0x0000005b81f00000) (1024K)]
  0x000001df449c1c40 JavaThread "Thread-7"                   daemon [_thread_in_native, id=12660, stack(0x0000005b81f00000,0x0000005b82000000) (1024K)]
  0x000001df449c22d0 JavaThread "Thread-8"                   daemon [_thread_in_native, id=15644, stack(0x0000005b82000000,0x0000005b82100000) (1024K)]
  0x000001df449c2960 JavaThread "Thread-9"                   daemon [_thread_in_native, id=3260, stack(0x0000005b82100000,0x0000005b82200000) (1024K)]
  0x000001df4aa30800 JavaThread "Thread-10"                  daemon [_thread_in_native, id=6024, stack(0x0000005b82200000,0x0000005b82300000) (1024K)]
  0x000001df4aa2f450 JavaThread "Thread-11"                  daemon [_thread_in_native, id=9212, stack(0x0000005b82300000,0x0000005b82400000) (1024K)]
  0x000001df4aa2e0a0 JavaThread "Thread-12"                  daemon [_thread_in_native, id=3332, stack(0x0000005b82400000,0x0000005b82500000) (1024K)]
  0x000001df4aa2fae0 JavaThread "Thread-13"                  daemon [_thread_in_native, id=8076, stack(0x0000005b82500000,0x0000005b82600000) (1024K)]
  0x000001df4aa2da10 JavaThread "Thread-14"                  daemon [_thread_in_native, id=10560, stack(0x0000005b82600000,0x0000005b82700000) (1024K)]
  0x000001df4aa30170 JavaThread "Thread-15"                  daemon [_thread_in_native, id=3816, stack(0x0000005b82700000,0x0000005b82800000) (1024K)]
  0x000001df4aa2e730 JavaThread "Thread-16"                  daemon [_thread_in_native, id=19388, stack(0x0000005b82800000,0x0000005b82900000) (1024K)]
  0x000001df4aa2edc0 JavaThread "Thread-17"                  daemon [_thread_in_native, id=8288, stack(0x0000005b82900000,0x0000005b82a00000) (1024K)]
  0x000001df4aa2d380 JavaThread "pool-2-thread-1"                   [_thread_blocked, id=18172, stack(0x0000005b82a00000,0x0000005b82b00000) (1024K)]
  0x000001df4aa32f60 JavaThread "Timer-0"                           [_thread_blocked, id=10868, stack(0x0000005b82b00000,0x0000005b82c00000) (1024K)]
  0x000001df4aa30e90 JavaThread "WorkspaceEventsHandler"            [_thread_blocked, id=9000, stack(0x0000005b82c00000,0x0000005b82d00000) (1024K)]
  0x000001df4aa31bb0 JavaThread "pool-1-thread-1"                   [_thread_blocked, id=10832, stack(0x0000005b82d00000,0x0000005b82e00000) (1024K)]
  0x000001df4aa31520 JavaThread "Timer-1"                           [_thread_blocked, id=3348, stack(0x0000005b82e00000,0x0000005b82f00000) (1024K)]
  0x000001df4aec2530 JavaThread "ProjectImportProgressReporter" daemon [_thread_blocked, id=18132, stack(0x0000005b83000000,0x0000005b83100000) (1024K)]
  0x000001df4aebf740 JavaThread "Timer-2"                           [_thread_blocked, id=4684, stack(0x0000005b83100000,0x0000005b83200000) (1024K)]
  0x000001df4aec3250 JavaThread "Worker-7"                          [_thread_blocked, id=4456, stack(0x0000005b83300000,0x0000005b83400000) (1024K)]
  0x000001df4aebf0b0 JavaThread "Timer-3"                           [_thread_blocked, id=4924, stack(0x0000005b82f00000,0x0000005b83000000) (1024K)]
  0x000001df4aec38e0 JavaThread "Timer-4"                           [_thread_blocked, id=1812, stack(0x0000005b83200000,0x0000005b83300000) (1024K)]
  0x000001df4aec0460 JavaThread "Timer-5"                           [_thread_blocked, id=5592, stack(0x0000005b83400000,0x0000005b83500000) (1024K)]
  0x000001df4aec4600 JavaThread "Timer-6"                           [_thread_blocked, id=14604, stack(0x0000005b80b00000,0x0000005b80c00000) (1024K)]
  0x000001df4aec1180 JavaThread "Timer-7"                           [_thread_blocked, id=14504, stack(0x0000005b80f00000,0x0000005b81000000) (1024K)]
  0x000001df4aec4c90 JavaThread "Connection worker"                 [_thread_blocked, id=6588, stack(0x0000005b81200000,0x0000005b81300000) (1024K)]
  0x000001df4aec59b0 JavaThread "pool-3-thread-1"                   [_thread_blocked, id=1420, stack(0x0000005b83500000,0x0000005b83600000) (1024K)]
  0x000001df4aec6040 JavaThread "Exec process"                      [_thread_blocked, id=21460, stack(0x0000005b83700000,0x0000005b83800000) (1024K)]
  0x000001df4aec66d0 JavaThread "Exec process Thread 2"             [_thread_blocked, id=21288, stack(0x0000005b83800000,0x0000005b83900000) (1024K)]
  0x000001df449bc6f0 JavaThread "Exec process Thread 3"             [_thread_blocked, id=21476, stack(0x0000005b83900000,0x0000005b83a00000) (1024K)]
  0x000001df4dd03480 JavaThread "C1 CompilerThread1"         daemon [_thread_blocked, id=8156, stack(0x0000005b83a00000,0x0000005b83b00000) (1024K)]
  0x000001df4aa32240 JavaThread "ForkJoinPool.commonPool-worker-1" daemon [_thread_blocked, id=10876, stack(0x0000005b83c00000,0x0000005b83d00000) (1024K)]
Total: 64

Other Threads:
  0x000001df005e1c00 VMThread "VM Thread"                           [id=7696, stack(0x0000005bfe900000,0x0000005bfea00000) (1024K)]
  0x000001df004dca00 WatcherThread "VM Periodic Task Thread"        [id=1664, stack(0x0000005bfe800000,0x0000005bfe900000) (1024K)]
  0x000001df69a3a0f0 WorkerThread "GC Thread#0"                     [id=6404, stack(0x0000005bfe700000,0x0000005bfe800000) (1024K)]
  0x000001df44883630 WorkerThread "GC Thread#1"                     [id=14572, stack(0x0000005bff800000,0x0000005bff900000) (1024K)]
  0x000001df44883bf0 WorkerThread "GC Thread#2"                     [id=11272, stack(0x0000005bff900000,0x0000005bffa00000) (1024K)]
  0x000001df44883fa0 WorkerThread "GC Thread#3"                     [id=6092, stack(0x0000005bffa00000,0x0000005bffb00000) (1024K)]
  0x000001df44884350 WorkerThread "GC Thread#4"                     [id=14144, stack(0x0000005bffb00000,0x0000005bffc00000) (1024K)]
  0x000001df448e4990 WorkerThread "GC Thread#5"                     [id=18808, stack(0x0000005bffc00000,0x0000005bffd00000) (1024K)]
  0x000001df448e5150 WorkerThread "GC Thread#6"                     [id=13068, stack(0x0000005bffd00000,0x0000005bffe00000) (1024K)]
  0x000001df4909d550 WorkerThread "GC Thread#7"                     [id=14484, stack(0x0000005bffe00000,0x0000005bfff00000) (1024K)]
  0x000001df49368b00 WorkerThread "GC Thread#8"                     [id=6788, stack(0x0000005b80300000,0x0000005b80400000) (1024K)]
  0x000001df491b4a10 WorkerThread "GC Thread#9"                     [id=17488, stack(0x0000005b80400000,0x0000005b80500000) (1024K)]
  0x000001df492a0f90 WorkerThread "GC Thread#10"                    [id=2448, stack(0x0000005b80500000,0x0000005b80600000) (1024K)]
  0x000001df449eb280 WorkerThread "GC Thread#11"                    [id=9488, stack(0x0000005b80900000,0x0000005b80a00000) (1024K)]
  0x000001df449eb630 WorkerThread "GC Thread#12"                    [id=17932, stack(0x0000005b80a00000,0x0000005b80b00000) (1024K)]
Total: 15

Threads with active compile tasks:
C2 CompilerThread0  105386 12526       4       org.eclipse.jdt.internal.compiler.parser.Parser::consumeRule (7843 bytes)
C1 CompilerThread0  105386 12575       3       org.eclipse.jdt.internal.compiler.parser.AbstractCommentParser::pushIdentifier (198 bytes)
C1 CompilerThread1  105386 12574   !   2       org.eclipse.jdt.internal.compiler.parser.AbstractCommentParser::parseParam (1238 bytes)
Total: 3

VM state: at safepoint (normal execution)

VM Mutex/Monitor currently owned by a thread:  ([mutex/lock_event])
[0x00007ffb8ff6e560] Threads_lock - owner thread: 0x000001df005e1c00
[0x00007ffb8ff6e660] Heap_lock - owner thread: 0x000001df449be7c0

Heap address: 0x0000000080000000, size: 2048 MB, Compressed Oops mode: 32-bit

CDS archive(s) mapped at: [0x000001df01000000-0x000001df01ba0000-0x000001df01ba0000), size 12189696, SharedBaseAddress: 0x000001df01000000, ArchiveRelocationMode: 1.
Compressed class space mapped at: 0x000001df02000000-0x000001df42000000, reserved size: 1073741824
Narrow klass base: 0x000001df01000000, Narrow klass shift: 0, Narrow klass range: 0x100000000

GC Precious Log:
 CardTable entry size: 512
 CPUs: 16 total, 16 available
 Memory: 5989M
 Large Page Support: Disabled
 NUMA Support: Disabled
 Compressed Oops: Enabled (32-bit)
 Alignments: Space 512K, Generation 512K, Heap 2M
 Heap Min Capacity: 100M
 Heap Initial Capacity: 100M
 Heap Max Capacity: 2G
 Pre-touch: Disabled
 Parallel Workers: 13

Heap:
 PSYoungGen      total 1536K, used 504K [0x00000000d5580000, 0x00000000d5800000, 0x0000000100000000)
  eden space 1024K, 0% used [0x00000000d5580000,0x00000000d5580000,0x00000000d5680000)
  from space 512K, 98% used [0x00000000d5780000,0x00000000d57fe200,0x00000000d5800000)
  to   space 512K, 0% used [0x00000000d5700000,0x00000000d5700000,0x00000000d5780000)
 ParOldGen       total 514560K, used 514266K [0x0000000080000000, 0x000000009f680000, 0x00000000d5580000)
  object space 514560K, 99% used [0x0000000080000000,0x000000009f636ab8,0x000000009f680000)
 Metaspace       used 76147K, committed 77632K, reserved 1179648K
  class space    used 9115K, committed 9728K, reserved 1048576K

Card table byte_map: [0x000001df692c0000,0x000001df696d0000] _byte_map_base: 0x000001df68ec0000

Marking Bits: (ParMarkBitMap*) 0x00007ffb8ff73450
 Begin Bits: [0x000001df7bc10000, 0x000001df7dc10000)
 End Bits:   [0x000001df7dc10000, 0x000001df7fc10000)

Polling page: 0x000001df67590000

Metaspace:

Usage:
  Non-class:     65.46 MB used.
      Class:      8.90 MB used.
       Both:     74.36 MB used.

Virtual space:
  Non-class space:      128.00 MB reserved,      66.31 MB ( 52%) committed,  2 nodes.
      Class space:        1.00 GB reserved,       9.50 MB ( <1%) committed,  1 nodes.
             Both:        1.12 GB reserved,      75.81 MB (  7%) committed. 

Chunk freelists:
   Non-Class:  13.48 MB
       Class:  6.32 MB
        Both:  19.80 MB

MaxMetaspaceSize: unlimited
CompressedClassSpaceSize: 1.00 GB
Initial GC threshold: 21.00 MB
Current GC threshold: 97.31 MB
CDS: on
 - commit_granule_bytes: 65536.
 - commit_granule_words: 8192.
 - virtual_space_node_default_size: 8388608.
 - enlarge_chunks_in_place: 1.
 - use_allocation_guard: 0.


Internal statistics:

num_allocs_failed_limit: 9.
num_arena_births: 1418.
num_arena_deaths: 42.
num_vsnodes_births: 3.
num_vsnodes_deaths: 0.
num_space_committed: 1213.
num_space_uncommitted: 0.
num_chunks_returned_to_freelist: 56.
num_chunks_taken_from_freelist: 5048.
num_chunk_merges: 12.
num_chunk_splits: 3088.
num_chunks_enlarged: 1763.
num_inconsistent_stats: 0.

CodeHeap 'non-profiled nmethods': size=119168Kb used=10060Kb max_used=10060Kb free=109107Kb
 bounds [0x000001df747b0000, 0x000001df75190000, 0x000001df7bc10000]
CodeHeap 'profiled nmethods': size=119104Kb used=26998Kb max_used=26998Kb free=92105Kb
 bounds [0x000001df6cc10000, 0x000001df6e670000, 0x000001df74060000]
CodeHeap 'non-nmethods': size=7488Kb used=2006Kb max_used=3148Kb free=5481Kb
 bounds [0x000001df74060000, 0x000001df74380000, 0x000001df747b0000]
CodeCache: size=245760Kb, used=39064Kb, max_used=40206Kb, free=206693Kb
 total_blobs=12322, nmethods=11568, adapters=658, full_count=0
Compilation: enabled, stopped_count=0, restarted_count=0

Compilation events (20 events):
Event: 103.334 Thread 0x000001df42b40d90 12563       2       org.eclipse.jdt.internal.compiler.ast.ExplicitConstructorCall::<init> (15 bytes)
Event: 103.335 Thread 0x000001df42b40d90 nmethod 12563 0x000001df6e668710 code [0x000001df6e6688a0, 0x000001df6e6689b8]
Event: 103.369 Thread 0x000001df42b40d90 12565       2       org.eclipse.jdt.internal.compiler.ast.QualifiedTypeReference::getAnnotatableLevels (6 bytes)
Event: 103.369 Thread 0x000001df42b40d90 nmethod 12565 0x000001df6e668a90 code [0x000001df6e668c20, 0x000001df6e668d30]
Event: 103.379 Thread 0x000001df42b40d90 12567       3       org.eclipse.jdt.internal.compiler.parser.TerminalToken::getRestrictedKeyword (85 bytes)
Event: 103.380 Thread 0x000001df42b40d90 nmethod 12567 0x000001df6e668e10 code [0x000001df6e669000, 0x000001df6e669458]
Event: 104.236 Thread 0x000001df4dd03480 12564       2       org.eclipse.jdt.internal.compiler.ast.QualifiedTypeReference::<init> (50 bytes)
Event: 104.258 Thread 0x000001df42b40d90 12568   !   2       java.util.concurrent.locks.AbstractQueuedSynchronizer::reacquire (64 bytes)
Event: 104.258 Thread 0x000001df4dd03480 nmethod 12564 0x000001df6e669590 code [0x000001df6e669740, 0x000001df6e669910]
Event: 104.259 Thread 0x000001df42b40d90 nmethod 12568 0x000001df6e669a90 code [0x000001df6e669c60, 0x000001df6e669f20]
Event: 104.261 Thread 0x000001df42b40d90 12569       3       org.eclipse.jdt.internal.compiler.SourceElementParser::consumeFieldAccess (43 bytes)
Event: 104.261 Thread 0x000001df42b40d90 nmethod 12569 0x000001df6e66a090 code [0x000001df6e66a260, 0x000001df6e66a5f0]
Event: 104.271 Thread 0x000001df4dd03480 12570       2       org.eclipse.jdt.internal.compiler.parser.ScannerHelper::getHexadecimalValue (280 bytes)
Event: 104.271 Thread 0x000001df4dd03480 nmethod 12570 0x000001df6e66a790 code [0x000001df6e66a9a0, 0x000001df6e66ae38]
Event: 104.278 Thread 0x000001df4dd03480 12571       2       org.eclipse.jdt.internal.compiler.parser.Parser::consumeClassTypeElt (20 bytes)
Event: 104.279 Thread 0x000001df4dd03480 nmethod 12571 0x000001df6e66af10 code [0x000001df6e66b0c0, 0x000001df6e66b228]
Event: 104.283 Thread 0x000001df4dd03480 12572       3       org.eclipse.jdt.core.Signature::appendClassTypeSignature (323 bytes)
Event: 104.287 Thread 0x000001df4dd03480 nmethod 12572 0x000001df6e66b310 code [0x000001df6e66b700, 0x000001df6e66cf70]
Event: 104.323 Thread 0x000001df4dd03480 12574   !   2       org.eclipse.jdt.internal.compiler.parser.AbstractCommentParser::parseParam (1238 bytes)
Event: 104.324 Thread 0x000001df42b40d90 12575       3       org.eclipse.jdt.internal.compiler.parser.AbstractCommentParser::pushIdentifier (198 bytes)

GC Heap History (20 events):
Event: 101.149 GC heap after
{Heap after GC invocations=827 (full 3):
 PSYoungGen      total 2048K, used 618K [0x00000000d5580000, 0x00000000d5880000, 0x0000000100000000)
  eden space 1024K, 0% used [0x00000000d5580000,0x00000000d5580000,0x00000000d5680000)
  from space 1024K, 60% used [0x00000000d5780000,0x00000000d581a908,0x00000000d5880000)
  to   space 1024K, 0% used [0x00000000d5680000,0x00000000d5680000,0x00000000d5780000)
 ParOldGen       total 509952K, used 509697K [0x0000000080000000, 0x000000009f200000, 0x00000000d5580000)
  object space 509952K, 99% used [0x0000000080000000,0x000000009f1c0588,0x000000009f200000)
 Metaspace       used 75882K, committed 77312K, reserved 1179648K
  class space    used 9089K, committed 9728K, reserved 1048576K
}
Event: 101.191 GC heap before
{Heap before GC invocations=828 (full 3):
 PSYoungGen      total 2048K, used 1642K [0x00000000d5580000, 0x00000000d5880000, 0x0000000100000000)
  eden space 1024K, 100% used [0x00000000d5580000,0x00000000d5680000,0x00000000d5680000)
  from space 1024K, 60% used [0x00000000d5780000,0x00000000d581a908,0x00000000d5880000)
  to   space 1024K, 0% used [0x00000000d5680000,0x00000000d5680000,0x00000000d5780000)
 ParOldGen       total 509952K, used 509697K [0x0000000080000000, 0x000000009f200000, 0x00000000d5580000)
  object space 509952K, 99% used [0x0000000080000000,0x000000009f1c0588,0x000000009f200000)
 Metaspace       used 75891K, committed 77376K, reserved 1179648K
  class space    used 9089K, committed 9728K, reserved 1048576K
}
Event: 101.194 GC heap after
{Heap after GC invocations=828 (full 3):
 PSYoungGen      total 2048K, used 696K [0x00000000d5580000, 0x00000000d5880000, 0x0000000100000000)
  eden space 1024K, 0% used [0x00000000d5580000,0x00000000d5580000,0x00000000d5680000)
  from space 1024K, 68% used [0x00000000d5680000,0x00000000d572e2d8,0x00000000d5780000)
  to   space 1024K, 0% used [0x00000000d5780000,0x00000000d5780000,0x00000000d5880000)
 ParOldGen       total 510464K, used 510277K [0x0000000080000000, 0x000000009f280000, 0x00000000d5580000)
  object space 510464K, 99% used [0x0000000080000000,0x000000009f2517b8,0x000000009f280000)
 Metaspace       used 75891K, committed 77376K, reserved 1179648K
  class space    used 9089K, committed 9728K, reserved 1048576K
}
Event: 101.313 GC heap before
{Heap before GC invocations=829 (full 3):
 PSYoungGen      total 2048K, used 1699K [0x00000000d5580000, 0x00000000d5880000, 0x0000000100000000)
  eden space 1024K, 97% used [0x00000000d5580000,0x00000000d567ab60,0x00000000d5680000)
  from space 1024K, 68% used [0x00000000d5680000,0x00000000d572e2d8,0x00000000d5780000)
  to   space 1024K, 0% used [0x00000000d5780000,0x00000000d5780000,0x00000000d5880000)
 ParOldGen       total 510464K, used 510277K [0x0000000080000000, 0x000000009f280000, 0x00000000d5580000)
  object space 510464K, 99% used [0x0000000080000000,0x000000009f2517b8,0x000000009f280000)
 Metaspace       used 75894K, committed 77376K, reserved 1179648K
  class space    used 9089K, committed 9728K, reserved 1048576K
}
Event: 101.317 GC heap after
{Heap after GC invocations=829 (full 3):
 PSYoungGen      total 2048K, used 729K [0x00000000d5580000, 0x00000000d5880000, 0x0000000100000000)
  eden space 1024K, 0% used [0x00000000d5580000,0x00000000d5580000,0x00000000d5680000)
  from space 1024K, 71% used [0x00000000d5780000,0x00000000d5836468,0x00000000d5880000)
  to   space 1024K, 0% used [0x00000000d5680000,0x00000000d5680000,0x00000000d5780000)
 ParOldGen       total 510976K, used 510779K [0x0000000080000000, 0x000000009f300000, 0x00000000d5580000)
  object space 510976K, 99% used [0x0000000080000000,0x000000009f2ceeb0,0x000000009f300000)
 Metaspace       used 75894K, committed 77376K, reserved 1179648K
  class space    used 9089K, committed 9728K, reserved 1048576K
}
Event: 101.545 GC heap before
{Heap before GC invocations=830 (full 3):
 PSYoungGen      total 2048K, used 1738K [0x00000000d5580000, 0x00000000d5880000, 0x0000000100000000)
  eden space 1024K, 98% used [0x00000000d5580000,0x00000000d567c4f0,0x00000000d5680000)
  from space 1024K, 71% used [0x00000000d5780000,0x00000000d5836468,0x00000000d5880000)
  to   space 1024K, 0% used [0x00000000d5680000,0x00000000d5680000,0x00000000d5780000)
 ParOldGen       total 510976K, used 510779K [0x0000000080000000, 0x000000009f300000, 0x00000000d5580000)
  object space 510976K, 99% used [0x0000000080000000,0x000000009f2ceeb0,0x000000009f300000)
 Metaspace       used 75894K, committed 77376K, reserved 1179648K
  class space    used 9089K, committed 9728K, reserved 1048576K
}
Event: 101.549 GC heap after
{Heap after GC invocations=830 (full 3):
 PSYoungGen      total 2048K, used 868K [0x00000000d5580000, 0x00000000d5880000, 0x0000000100000000)
  eden space 1024K, 0% used [0x00000000d5580000,0x00000000d5580000,0x00000000d5680000)
  from space 1024K, 84% used [0x00000000d5680000,0x00000000d5759300,0x00000000d5780000)
  to   space 1024K, 0% used [0x00000000d5780000,0x00000000d5780000,0x00000000d5880000)
 ParOldGen       total 511488K, used 511209K [0x0000000080000000, 0x000000009f380000, 0x00000000d5580000)
  object space 511488K, 99% used [0x0000000080000000,0x000000009f33a538,0x000000009f380000)
 Metaspace       used 75894K, committed 77376K, reserved 1179648K
  class space    used 9089K, committed 9728K, reserved 1048576K
}
Event: 101.678 GC heap before
{Heap before GC invocations=831 (full 3):
 PSYoungGen      total 2048K, used 1892K [0x00000000d5580000, 0x00000000d5880000, 0x0000000100000000)
  eden space 1024K, 100% used [0x00000000d5580000,0x00000000d5680000,0x00000000d5680000)
  from space 1024K, 84% used [0x00000000d5680000,0x00000000d5759300,0x00000000d5780000)
  to   space 1024K, 0% used [0x00000000d5780000,0x00000000d5780000,0x00000000d5880000)
 ParOldGen       total 511488K, used 511209K [0x0000000080000000, 0x000000009f380000, 0x00000000d5580000)
  object space 511488K, 99% used [0x0000000080000000,0x000000009f33a538,0x000000009f380000)
 Metaspace       used 75908K, committed 77376K, reserved 1179648K
  class space    used 9089K, committed 9728K, reserved 1048576K
}
Event: 101.682 GC heap after
{Heap after GC invocations=831 (full 3):
 PSYoungGen      total 2048K, used 704K [0x00000000d5580000, 0x00000000d5880000, 0x0000000100000000)
  eden space 1024K, 0% used [0x00000000d5580000,0x00000000d5580000,0x00000000d5680000)
  from space 1024K, 68% used [0x00000000d5780000,0x00000000d5830020,0x00000000d5880000)
  to   space 1024K, 0% used [0x00000000d5680000,0x00000000d5680000,0x00000000d5780000)
 ParOldGen       total 512512K, used 512187K [0x0000000080000000, 0x000000009f480000, 0x00000000d5580000)
  object space 512512K, 99% used [0x0000000080000000,0x000000009f42ecb0,0x000000009f480000)
 Metaspace       used 75908K, committed 77376K, reserved 1179648K
  class space    used 9089K, committed 9728K, reserved 1048576K
}
Event: 101.856 GC heap before
{Heap before GC invocations=832 (full 3):
 PSYoungGen      total 2048K, used 1718K [0x00000000d5580000, 0x00000000d5880000, 0x0000000100000000)
  eden space 1024K, 99% used [0x00000000d5580000,0x00000000d567d858,0x00000000d5680000)
  from space 1024K, 68% used [0x00000000d5780000,0x00000000d5830020,0x00000000d5880000)
  to   space 1024K, 0% used [0x00000000d5680000,0x00000000d5680000,0x00000000d5780000)
 ParOldGen       total 512512K, used 512187K [0x0000000080000000, 0x000000009f480000, 0x00000000d5580000)
  object space 512512K, 99% used [0x0000000080000000,0x000000009f42ecb0,0x000000009f480000)
 Metaspace       used 75911K, committed 77376K, reserved 1179648K
  class space    used 9089K, committed 9728K, reserved 1048576K
}
Event: 101.861 GC heap after
{Heap after GC invocations=832 (full 3):
 PSYoungGen      total 2048K, used 837K [0x00000000d5580000, 0x00000000d5880000, 0x0000000100000000)
  eden space 1024K, 0% used [0x00000000d5580000,0x00000000d5580000,0x00000000d5680000)
  from space 1024K, 81% used [0x00000000d5680000,0x00000000d57515f0,0x00000000d5780000)
  to   space 1024K, 0% used [0x00000000d5780000,0x00000000d5780000,0x00000000d5880000)
 ParOldGen       total 513024K, used 512691K [0x0000000080000000, 0x000000009f500000, 0x00000000d5580000)
  object space 513024K, 99% used [0x0000000080000000,0x000000009f4acfa8,0x000000009f500000)
 Metaspace       used 75911K, committed 77376K, reserved 1179648K
  class space    used 9089K, committed 9728K, reserved 1048576K
}
Event: 101.959 GC heap before
{Heap before GC invocations=833 (full 3):
 PSYoungGen      total 2048K, used 1861K [0x00000000d5580000, 0x00000000d5880000, 0x0000000100000000)
  eden space 1024K, 99% used [0x00000000d5580000,0x00000000d567ffd8,0x00000000d5680000)
  from space 1024K, 81% used [0x00000000d5680000,0x00000000d57515f0,0x00000000d5780000)
  to   space 1024K, 0% used [0x00000000d5780000,0x00000000d5780000,0x00000000d5880000)
 ParOldGen       total 513024K, used 512691K [0x0000000080000000, 0x000000009f500000, 0x00000000d5580000)
  object space 513024K, 99% used [0x0000000080000000,0x000000009f4acfa8,0x000000009f500000)
 Metaspace       used 75981K, committed 77440K, reserved 1179648K
  class space    used 9089K, committed 9728K, reserved 1048576K
}
Event: 102.968 GC heap after
{Heap after GC invocations=833 (full 3):
 PSYoungGen      total 2048K, used 728K [0x00000000d5580000, 0x00000000d5900000, 0x0000000100000000)
  eden space 1024K, 0% used [0x00000000d5580000,0x00000000d5580000,0x00000000d5680000)
  from space 1024K, 71% used [0x00000000d5780000,0x00000000d5836110,0x00000000d5880000)
  to   space 1024K, 0% used [0x00000000d5680000,0x00000000d5680000,0x00000000d5780000)
 ParOldGen       total 513536K, used 513391K [0x0000000080000000, 0x000000009f580000, 0x00000000d5580000)
  object space 513536K, 99% used [0x0000000080000000,0x000000009f55bd38,0x000000009f580000)
 Metaspace       used 75981K, committed 77440K, reserved 1179648K
  class space    used 9089K, committed 9728K, reserved 1048576K
}
Event: 103.075 GC heap before
{Heap before GC invocations=834 (full 3):
 PSYoungGen      total 2048K, used 1752K [0x00000000d5580000, 0x00000000d5900000, 0x0000000100000000)
  eden space 1024K, 100% used [0x00000000d5580000,0x00000000d5680000,0x00000000d5680000)
  from space 1024K, 71% used [0x00000000d5780000,0x00000000d5836110,0x00000000d5880000)
  to   space 1024K, 0% used [0x00000000d5680000,0x00000000d5680000,0x00000000d5780000)
 ParOldGen       total 513536K, used 513391K [0x0000000080000000, 0x000000009f580000, 0x00000000d5580000)
  object space 513536K, 99% used [0x0000000080000000,0x000000009f55bd38,0x000000009f580000)
 Metaspace       used 76023K, committed 77440K, reserved 1179648K
  class space    used 9096K, committed 9728K, reserved 1048576K
}
Event: 103.080 GC heap after
{Heap after GC invocations=834 (full 3):
 PSYoungGen      total 2048K, used 352K [0x00000000d5580000, 0x00000000d5800000, 0x0000000100000000)
  eden space 1024K, 0% used [0x00000000d5580000,0x00000000d5580000,0x00000000d5680000)
  from space 1024K, 34% used [0x00000000d5680000,0x00000000d56d8000,0x00000000d5780000)
  to   space 512K, 0% used [0x00000000d5780000,0x00000000d5780000,0x00000000d5800000)
 ParOldGen       total 514048K, used 513850K [0x0000000080000000, 0x000000009f600000, 0x00000000d5580000)
  object space 514048K, 99% used [0x0000000080000000,0x000000009f5ceb80,0x000000009f600000)
 Metaspace       used 76023K, committed 77440K, reserved 1179648K
  class space    used 9096K, committed 9728K, reserved 1048576K
}
Event: 103.202 GC heap before
{Heap before GC invocations=835 (full 3):
 PSYoungGen      total 2048K, used 1376K [0x00000000d5580000, 0x00000000d5800000, 0x0000000100000000)
  eden space 1024K, 100% used [0x00000000d5580000,0x00000000d5680000,0x00000000d5680000)
  from space 1024K, 34% used [0x00000000d5680000,0x00000000d56d8000,0x00000000d5780000)
  to   space 512K, 0% used [0x00000000d5780000,0x00000000d5780000,0x00000000d5800000)
 ParOldGen       total 514048K, used 513850K [0x0000000080000000, 0x000000009f600000, 0x00000000d5580000)
  object space 514048K, 99% used [0x0000000080000000,0x000000009f5ceb80,0x000000009f600000)
 Metaspace       used 76130K, committed 77568K, reserved 1179648K
  class space    used 9112K, committed 9728K, reserved 1048576K
}
Event: 103.208 GC heap after
{Heap after GC invocations=835 (full 3):
 PSYoungGen      total 1536K, used 352K [0x00000000d5580000, 0x00000000d5800000, 0x0000000100000000)
  eden space 1024K, 0% used [0x00000000d5580000,0x00000000d5580000,0x00000000d5680000)
  from space 512K, 68% used [0x00000000d5780000,0x00000000d57d8000,0x00000000d5800000)
  to   space 512K, 0% used [0x00000000d5700000,0x00000000d5700000,0x00000000d5780000)
 ParOldGen       total 514048K, used 513986K [0x0000000080000000, 0x000000009f600000, 0x00000000d5580000)
  object space 514048K, 99% used [0x0000000080000000,0x000000009f5f0b80,0x000000009f600000)
 Metaspace       used 76130K, committed 77568K, reserved 1179648K
  class space    used 9112K, committed 9728K, reserved 1048576K
}
Event: 104.253 GC heap before
{Heap before GC invocations=836 (full 3):
 PSYoungGen      total 1536K, used 1375K [0x00000000d5580000, 0x00000000d5800000, 0x0000000100000000)
  eden space 1024K, 99% used [0x00000000d5580000,0x00000000d567ff40,0x00000000d5680000)
  from space 512K, 68% used [0x00000000d5780000,0x00000000d57d8000,0x00000000d5800000)
  to   space 512K, 0% used [0x00000000d5700000,0x00000000d5700000,0x00000000d5780000)
 ParOldGen       total 514048K, used 514007K [0x0000000080000000, 0x000000009f600000, 0x00000000d5580000)
  object space 514048K, 99% used [0x0000000080000000,0x000000009f5f5c80,0x000000009f600000)
 Metaspace       used 76140K, committed 77632K, reserved 1179648K
  class space    used 9113K, committed 9728K, reserved 1048576K
}
Event: 104.258 GC heap after
{Heap after GC invocations=836 (full 3):
 PSYoungGen      total 1536K, used 320K [0x00000000d5580000, 0x00000000d5800000, 0x0000000100000000)
  eden space 1024K, 0% used [0x00000000d5580000,0x00000000d5580000,0x00000000d5680000)
  from space 512K, 62% used [0x00000000d5700000,0x00000000d5750000,0x00000000d5780000)
  to   space 512K, 0% used [0x00000000d5780000,0x00000000d5780000,0x00000000d5800000)
 ParOldGen       total 514560K, used 514111K [0x0000000080000000, 0x000000009f680000, 0x00000000d5580000)
  object space 514560K, 99% used [0x0000000080000000,0x000000009f60fc80,0x000000009f680000)
 Metaspace       used 76140K, committed 77632K, reserved 1179648K
  class space    used 9113K, committed 9728K, reserved 1048576K
}
Event: 104.324 GC heap before
{Heap before GC invocations=837 (full 3):
 PSYoungGen      total 1536K, used 1344K [0x00000000d5580000, 0x00000000d5800000, 0x0000000100000000)
  eden space 1024K, 100% used [0x00000000d5580000,0x00000000d5680000,0x00000000d5680000)
  from space 512K, 62% used [0x00000000d5700000,0x00000000d5750000,0x00000000d5780000)
  to   space 512K, 0% used [0x00000000d5780000,0x00000000d5780000,0x00000000d5800000)
 ParOldGen       total 514560K, used 514114K [0x0000000080000000, 0x000000009f680000, 0x00000000d5580000)
  object space 514560K, 99% used [0x0000000080000000,0x000000009f610ab8,0x000000009f680000)
 Metaspace       used 76147K, committed 77632K, reserved 1179648K
  class space    used 9115K, committed 9728K, reserved 1048576K
}

Dll operation events (14 events):
Event: 0.034 Loaded shared library c:\Users\effim\.vscode\extensions\redhat.java-1.54.0-win32-x64\jre\21.0.10-win32-x86_64\bin\java.dll
Event: 0.257 Loaded shared library c:\Users\effim\.vscode\extensions\redhat.java-1.54.0-win32-x64\jre\21.0.10-win32-x86_64\bin\zip.dll
Event: 0.325 Loaded shared library C:\Users\effim\.vscode\extensions\redhat.java-1.54.0-win32-x64\jre\21.0.10-win32-x86_64\bin\instrument.dll
Event: 0.344 Loaded shared library C:\Users\effim\.vscode\extensions\redhat.java-1.54.0-win32-x64\jre\21.0.10-win32-x86_64\bin\net.dll
Event: 0.354 Loaded shared library C:\Users\effim\.vscode\extensions\redhat.java-1.54.0-win32-x64\jre\21.0.10-win32-x86_64\bin\nio.dll
Event: 0.364 Loaded shared library C:\Users\effim\.vscode\extensions\redhat.java-1.54.0-win32-x64\jre\21.0.10-win32-x86_64\bin\zip.dll
Event: 0.425 Loaded shared library C:\Users\effim\.vscode\extensions\redhat.java-1.54.0-win32-x64\jre\21.0.10-win32-x86_64\bin\jimage.dll
Event: 0.665 Loaded shared library c:\Users\effim\.vscode\extensions\redhat.java-1.54.0-win32-x64\jre\21.0.10-win32-x86_64\bin\verify.dll
Event: 4.894 Loaded shared library C:\Users\effim\AppData\Roaming\Code\User\globalStorage\redhat.java\1.54.0\config_win\org.eclipse.equinox.launcher\org.eclipse.equinox.launcher.win32.win32.x86_64_1.3.0.v20260203-2149\eclipse_11919.dll
Event: 16.038 Loaded shared library C:\Users\effim\AppData\Local\Temp\jna-96415689\jna7288668230599480608.dll
Event: 29.044 Loaded shared library C:\Users\effim\.gradle\native\1def1411415f61bf3af743bc5b6707747c0891f09f0c88961ee8f79bc544acac\windows-amd64\native-platform.dll
Event: 36.626 Loaded shared library C:\Users\effim\.vscode\extensions\redhat.java-1.54.0-win32-x64\jre\21.0.10-win32-x86_64\bin\management.dll
Event: 36.649 Loaded shared library C:\Users\effim\.vscode\extensions\redhat.java-1.54.0-win32-x64\jre\21.0.10-win32-x86_64\bin\management_ext.dll
Event: 84.383 Loaded shared library C:\Users\effim\.vscode\extensions\redhat.java-1.54.0-win32-x64\jre\21.0.10-win32-x86_64\bin\extnet.dll

Deoptimization events (20 events):
Event: 102.978 Thread 0x000001df449be130 Uncommon trap: trap_request=0xffffffc6 fr.pc=0x000001df749c07f0 relative=0x0000000000000130
Event: 102.978 Thread 0x000001df449be130 Uncommon trap: reason=bimorphic_or_optimized_type_check action=maybe_recompile pc=0x000001df749c07f0 method=java.lang.Character.codePointAt(Ljava/lang/CharSequence;I)I @ 2 c2
Event: 102.978 Thread 0x000001df449be130 DEOPT PACKING pc=0x000001df749c07f0 sp=0x0000005b83bfef00
Event: 102.978 Thread 0x000001df449be130 DEOPT UNPACKING pc=0x000001df740b3aa2 sp=0x0000005b83bfee98 mode 2
Event: 102.979 Thread 0x000001df449be130 Uncommon trap: trap_request=0xffffffc6 fr.pc=0x000001df749c07f0 relative=0x0000000000000130
Event: 102.979 Thread 0x000001df449be130 Uncommon trap: reason=bimorphic_or_optimized_type_check action=maybe_recompile pc=0x000001df749c07f0 method=java.lang.Character.codePointAt(Ljava/lang/CharSequence;I)I @ 2 c2
Event: 102.979 Thread 0x000001df449be130 DEOPT PACKING pc=0x000001df749c07f0 sp=0x0000005b83bfef00
Event: 102.979 Thread 0x000001df449be130 DEOPT UNPACKING pc=0x000001df740b3aa2 sp=0x0000005b83bfee98 mode 2
Event: 102.979 Thread 0x000001df449be130 Uncommon trap: trap_request=0xffffffc6 fr.pc=0x000001df749c07f0 relative=0x0000000000000130
Event: 102.979 Thread 0x000001df449be130 Uncommon trap: reason=bimorphic_or_optimized_type_check action=maybe_recompile pc=0x000001df749c07f0 method=java.lang.Character.codePointAt(Ljava/lang/CharSequence;I)I @ 2 c2
Event: 102.979 Thread 0x000001df449be130 DEOPT PACKING pc=0x000001df749c07f0 sp=0x0000005b83bfef00
Event: 102.979 Thread 0x000001df449be130 DEOPT UNPACKING pc=0x000001df740b3aa2 sp=0x0000005b83bfee98 mode 2
Event: 102.979 Thread 0x000001df449be130 Uncommon trap: trap_request=0xffffff45 fr.pc=0x000001df74c2fd3c relative=0x000000000000009c
Event: 102.979 Thread 0x000001df449be130 Uncommon trap: reason=unstable_if action=reinterpret pc=0x000001df74c2fd3c method=java.util.regex.Pattern.lambda$DOT$11(I)Z @ 9 c2
Event: 102.979 Thread 0x000001df449be130 DEOPT PACKING pc=0x000001df74c2fd3c sp=0x0000005b83bfef20
Event: 102.983 Thread 0x000001df449be130 DEOPT UNPACKING pc=0x000001df740b3aa2 sp=0x0000005b83bfee48 mode 2
Event: 102.983 Thread 0x000001df449be130 Uncommon trap: trap_request=0xffffffbe fr.pc=0x000001df748eff44 relative=0x00000000000004c4
Event: 102.983 Thread 0x000001df449be130 Uncommon trap: reason=profile_predicate action=maybe_recompile pc=0x000001df748eff44 method=java.util.regex.Pattern$Slice.match(Ljava/util/regex/Matcher;ILjava/lang/CharSequence;)Z @ 18 c2
Event: 102.984 Thread 0x000001df449be130 DEOPT PACKING pc=0x000001df748eff44 sp=0x0000005b83bfee60
Event: 102.984 Thread 0x000001df449be130 DEOPT UNPACKING pc=0x000001df740b3aa2 sp=0x0000005b83bfeda0 mode 2

Classes loaded (20 events):
Event: 103.157 Loading class sun/nio/ch/PipeImpl
Event: 103.163 Loading class java/nio/channels/Pipe
Event: 103.163 Loading class java/nio/channels/Pipe done
Event: 103.163 Loading class sun/nio/ch/PipeImpl done
Event: 103.180 Loading class sun/nio/ch/PipeImpl$Initializer
Event: 103.181 Loading class sun/nio/ch/PipeImpl$Initializer done
Event: 103.181 Loading class sun/nio/ch/PipeImpl$Initializer$LoopbackConnector
Event: 103.182 Loading class sun/nio/ch/PipeImpl$Initializer$LoopbackConnector done
Event: 103.183 Loading class sun/nio/ch/UnixDomainSockets
Event: 103.184 Loading class sun/nio/ch/UnixDomainSockets done
Event: 103.184 Loading class sun/nio/ch/UnixDomainSocketsUtil
Event: 103.189 Loading class sun/nio/ch/UnixDomainSocketsUtil done
Event: 103.192 Loading class sun/net/NetProperties
Event: 103.194 Loading class sun/net/NetProperties done
Event: 103.194 Loading class sun/net/NetProperties$1
Event: 103.198 Loading class sun/net/NetProperties$1 done
Event: 103.227 Loading class sun/security/jca/ProviderConfig$3
Event: 103.229 Loading class sun/security/jca/ProviderConfig$3 done
Event: 103.230 Loading class sun/security/jca/ProviderConfig$ProviderLoader
Event: 103.231 Loading class sun/security/jca/ProviderConfig$ProviderLoader done

Classes unloaded (20 events):
Event: 18.225 Thread 0x000001df005e1c00 Unloading class 0x000001df021acc00 'java/lang/invoke/LambdaForm$MH+0x000001df021acc00'
Event: 18.225 Thread 0x000001df005e1c00 Unloading class 0x000001df021ac800 'java/lang/invoke/LambdaForm$MH+0x000001df021ac800'
Event: 18.225 Thread 0x000001df005e1c00 Unloading class 0x000001df021ac400 'java/lang/invoke/LambdaForm$MH+0x000001df021ac400'
Event: 18.225 Thread 0x000001df005e1c00 Unloading class 0x000001df021ac000 'java/lang/invoke/LambdaForm$BMH+0x000001df021ac000'
Event: 18.225 Thread 0x000001df005e1c00 Unloading class 0x000001df021abc00 'java/lang/invoke/LambdaForm$DMH+0x000001df021abc00'
Event: 18.225 Thread 0x000001df005e1c00 Unloading class 0x000001df021aa800 'java/lang/invoke/LambdaForm$DMH+0x000001df021aa800'
Event: 23.045 Thread 0x000001df005e1c00 Unloading class 0x000001df022eb400 'java/lang/invoke/LambdaForm$MH+0x000001df022eb400'
Event: 23.045 Thread 0x000001df005e1c00 Unloading class 0x000001df022ea000 'java/lang/invoke/LambdaForm$MH+0x000001df022ea000'
Event: 23.045 Thread 0x000001df005e1c00 Unloading class 0x000001df022e9800 'java/lang/invoke/LambdaForm$MH+0x000001df022e9800'
Event: 23.045 Thread 0x000001df005e1c00 Unloading class 0x000001df022e9000 'java/lang/invoke/LambdaForm$DMH+0x000001df022e9000'
Event: 23.045 Thread 0x000001df005e1c00 Unloading class 0x000001df022e8400 'java/lang/invoke/LambdaForm$MH+0x000001df022e8400'
Event: 23.045 Thread 0x000001df005e1c00 Unloading class 0x000001df022e2c00 'java/lang/invoke/LambdaForm$MH+0x000001df022e2c00'
Event: 23.045 Thread 0x000001df005e1c00 Unloading class 0x000001df022e2400 'java/lang/invoke/LambdaForm$MH+0x000001df022e2400'
Event: 23.045 Thread 0x000001df005e1c00 Unloading class 0x000001df022e1c00 'java/lang/invoke/LambdaForm$MH+0x000001df022e1c00'
Event: 23.045 Thread 0x000001df005e1c00 Unloading class 0x000001df022e1800 'java/lang/invoke/LambdaForm$MH+0x000001df022e1800'
Event: 23.045 Thread 0x000001df005e1c00 Unloading class 0x000001df022e0c00 'java/lang/invoke/LambdaForm$MH+0x000001df022e0c00'
Event: 23.045 Thread 0x000001df005e1c00 Unloading class 0x000001df022e0400 'java/lang/invoke/LambdaForm$MH+0x000001df022e0400'
Event: 23.045 Thread 0x000001df005e1c00 Unloading class 0x000001df022ddc00 'java/lang/invoke/LambdaForm$MH+0x000001df022ddc00'
Event: 23.045 Thread 0x000001df005e1c00 Unloading class 0x000001df022dd800 'java/lang/invoke/LambdaForm$MH+0x000001df022dd800'
Event: 23.045 Thread 0x000001df005e1c00 Unloading class 0x000001df022dcc00 'java/lang/invoke/LambdaForm$DMH+0x000001df022dcc00'

Classes redefined (0 events):
No events

Internal exceptions (20 events):
Event: 86.698 Thread 0x000001df4aec4c90 Exception <a 'java/lang/NoSuchMethodError'{0x00000000d55c47d8}: 'java.lang.Object java.lang.invoke.DirectMethodHandle$Holder.invokeStatic(java.lang.Object, java.lang.Object, java.lang.Object, java.lang.Object, java.lang.Object, java.lang.Object, java.lang.Object, java.lang.Object, java.lang.Object, java.lang.Object, java.lang.Object, java.lang.Object, java.lang.Object, java.lang.Object, java.lang.Object, java.lang.Object, java.lang.Object, java.lang.Object, java.lang.Object, java.lang.Object, java.lang.Obj
Event: 86.713 Thread 0x000001df4aec4c90 Exception <a 'java/lang/NoSuchMethodError'{0x00000000d5615940}: 'java.lang.Object java.lang.invoke.DirectMethodHandle$Holder.invokeStatic(java.lang.Object, java.lang.Object, java.lang.Object, java.lang.Object, java.lang.Object, java.lang.Object, java.lang.Object, java.lang.Object, java.lang.Object, java.lang.Object, java.lang.Object, java.lang.Object, java.lang.Object, java.lang.Object, java.lang.Object, java.lang.Object, java.lang.Object, java.lang.Object, java.lang.Object, java.lang.Object, java.lang.Obj
Event: 86.747 Thread 0x000001df4aec4c90 Exception <a 'java/lang/NoSuchMethodError'{0x00000000d56a6c58}: 'java.lang.Object java.lang.invoke.DirectMethodHandle$Holder.invokeStatic(java.lang.Object, java.lang.Object, java.lang.Object, java.lang.Object, java.lang.Object, java.lang.Object, java.lang.Object, java.lang.Object, java.lang.Object, java.lang.Object, java.lang.Object, java.lang.Object, java.lang.Object, java.lang.Object, java.lang.Object, java.lang.Object, java.lang.Object, java.lang.Object, java.lang.Object, java.lang.Object, java.lang.Obj
Event: 86.802 Thread 0x000001df4aec4c90 Exception <a 'java/lang/NoSuchMethodError'{0x00000000d55ec640}: 'java.lang.Object java.lang.invoke.DirectMethodHandle$Holder.invokeSpecial(java.lang.Object, java.lang.Object, java.lang.Object, java.lang.Object, java.lang.Object, java.lang.Object, java.lang.Object, java.lang.Object, java.lang.Object, java.lang.Object, java.lang.Object, java.lang.Object, java.lang.Object, java.lang.Object, java.lang.Object, java.lang.Object, java.lang.Object, java.lang.Object, java.lang.Object, java.lang.Object, java.lang.Ob
Event: 86.808 Thread 0x000001df4aec4c90 Exception <a 'java/lang/NoSuchMethodError'{0x00000000d561f9f0}: 'java.lang.Object java.lang.invoke.DirectMethodHandle$Holder.newInvokeSpecial(java.lang.Object, java.lang.Object, java.lang.Object, java.lang.Object, java.lang.Object, java.lang.Object, java.lang.Object, java.lang.Object, java.lang.Object, java.lang.Object, java.lang.Object, java.lang.Object, java.lang.Object, java.lang.Object, java.lang.Object, java.lang.Object, java.lang.Object, java.lang.Object, java.lang.Object, java.lang.Object, java.lang
Event: 86.809 Thread 0x000001df4aec4c90 Exception <a 'java/lang/NoSuchMethodError'{0x00000000d562df90}: 'java.lang.Object java.lang.invoke.Invokers$Holder.linkToTargetMethod(java.lang.Object, java.lang.Object, java.lang.Object, java.lang.Object, java.lang.Object, java.lang.Object, java.lang.Object, java.lang.Object, java.lang.Object, java.lang.Object, java.lang.Object, java.lang.Object, java.lang.Object, java.lang.Object, java.lang.Object, java.lang.Object, java.lang.Object, java.lang.Object, java.lang.Object, java.lang.Object, java.lang.Object,
Event: 86.812 Thread 0x000001df4aec4c90 Exception <a 'java/lang/NoSuchMethodError'{0x00000000d5638128}: 'java.lang.Object java.lang.invoke.DirectMethodHandle$Holder.invokeVirtual(java.lang.Object, java.lang.Object, java.lang.Object, java.lang.Object, java.lang.Object, java.lang.Object, java.lang.Object, java.lang.Object, java.lang.Object, java.lang.Object)'> (0x00000000d5638128) 
thrown [s\src\hotspot\share\interpreter\linkResolver.cpp, line 773]
Event: 87.164 Thread 0x000001df4aec4c90 Exception <a 'java/lang/NoSuchMethodError'{0x00000000d5585b10}: 'java.lang.Object java.lang.invoke.DirectMethodHandle$Holder.invokeVirtual(java.lang.Object, java.lang.Object, java.lang.Object, java.lang.Object, java.lang.Object, java.lang.Object, java.lang.Object, java.lang.Object, java.lang.Object)'> (0x00000000d5585b10) 
thrown [s\src\hotspot\share\interpreter\linkResolver.cpp, line 773]
Event: 87.605 Thread 0x000001df4aec4c90 Exception <a 'java/lang/NoSuchMethodError'{0x00000000d55e8c50}: 'long java.lang.invoke.DirectMethodHandle$Holder.invokeVirtual(java.lang.Object, java.lang.Object)'> (0x00000000d55e8c50) 
thrown [s\src\hotspot\share\interpreter\linkResolver.cpp, line 773]
Event: 87.610 Thread 0x000001df4aec4c90 Exception <a 'java/lang/NoSuchMethodError'{0x00000000d55ec2b8}: 'long java.lang.invoke.DelegatingMethodHandle$Holder.reinvoke_L(java.lang.Object, java.lang.Object)'> (0x00000000d55ec2b8) 
thrown [s\src\hotspot\share\interpreter\linkResolver.cpp, line 773]
Event: 88.126 Thread 0x000001df4aec4c90 Exception <a 'java/net/ConnectException'{0x00000000d5631ab0}: Connection refused: getsockopt> (0x00000000d5631ab0) 
thrown [s\src\hotspot\share\prims\jni.cpp, line 539]
Event: 88.970 Thread 0x000001df4aec6040 Exception <a 'java/lang/NoSuchMethodError'{0x00000000d5659ba8}: 'void java.lang.invoke.DirectMethodHandle$Holder.invokeStatic(java.lang.Object, long)'> (0x00000000d5659ba8) 
thrown [s\src\hotspot\share\interpreter\linkResolver.cpp, line 773]
Event: 89.164 Thread 0x000001df449be7c0 Implicit null exception at 0x000001df74d200da to 0x000001df74d20133
Event: 89.807 Thread 0x000001df4aec6040 Exception <a 'java/lang/NoSuchMethodError'{0x00000000d565c910}: 'void java.lang.invoke.DirectMethodHandle$Holder.invokeSpecial(java.lang.Object, java.lang.Object, int)'> (0x00000000d565c910) 
thrown [s\src\hotspot\share\interpreter\linkResolver.cpp, line 773]
Event: 89.809 Thread 0x000001df4aec6040 Exception <a 'java/lang/NoSuchMethodError'{0x00000000d5662680}: 'java.lang.Object java.lang.invoke.DirectMethodHandle$Holder.newInvokeSpecial(java.lang.Object, java.lang.Object, int)'> (0x00000000d5662680) 
thrown [s\src\hotspot\share\interpreter\linkResolver.cpp, line 773]
Event: 91.457 Thread 0x000001df449be7c0 Implicit null exception at 0x000001df74be2d38 to 0x000001df74be3424
Event: 92.165 Thread 0x000001df449be7c0 Exception <a 'java/lang/NoSuchMethodError'{0x00000000d5605310}: 'int java.lang.invoke.DirectMethodHandle$Holder.invokeSpecialIFC(java.lang.Object, java.lang.Object, java.lang.Object)'> (0x00000000d5605310) 
thrown [s\src\hotspot\share\interpreter\linkResolver.cpp, line 773]
Event: 92.196 Thread 0x000001df449be7c0 Implicit null exception at 0x000001df74ed2363 to 0x000001df74ed299c
Event: 94.745 Thread 0x000001df449be7c0 Exception <a 'java/lang/NoSuchMethodError'{0x00000000d56ae438}: 'java.lang.Object java.lang.invoke.DirectMethodHandle$Holder.invokeStatic(java.lang.Object, java.lang.Object, int, java.lang.Object, java.lang.Object)'> (0x00000000d56ae438) 
thrown [s\src\hotspot\share\interpreter\linkResolver.cpp, line 773]
Event: 96.674 Thread 0x000001df449be7c0 Implicit null exception at 0x000001df74d368d7 to 0x000001df74d36912

ZGC Phase Switch (0 events):
No events

VM Operations (20 events):
Event: 101.317 Executing safepoint VM operation: ParallelGCFailedAllocation (Allocation Failure) done
Event: 101.545 Executing safepoint VM operation: ParallelGCFailedAllocation (Allocation Failure)
Event: 101.549 Executing safepoint VM operation: ParallelGCFailedAllocation (Allocation Failure) done
Event: 101.678 Executing safepoint VM operation: ParallelGCFailedAllocation (Allocation Failure)
Event: 101.682 Executing safepoint VM operation: ParallelGCFailedAllocation (Allocation Failure) done
Event: 101.856 Executing safepoint VM operation: ParallelGCFailedAllocation (Allocation Failure)
Event: 101.861 Executing safepoint VM operation: ParallelGCFailedAllocation (Allocation Failure) done
Event: 101.959 Executing safepoint VM operation: ParallelGCFailedAllocation (Allocation Failure)
Event: 102.968 Executing safepoint VM operation: ParallelGCFailedAllocation (Allocation Failure) done
Event: 103.065 Executing safepoint VM operation: ParallelGCFailedAllocation (Allocation Failure)
Event: 103.080 Executing safepoint VM operation: ParallelGCFailedAllocation (Allocation Failure) done
Event: 103.202 Executing safepoint VM operation: ParallelGCFailedAllocation (Allocation Failure)
Event: 103.208 Executing safepoint VM operation: ParallelGCFailedAllocation (Allocation Failure) done
Event: 103.384 Executing safepoint VM operation: ParallelGCFailedAllocation (Allocation Failure)
Event: 104.252 Executing safepoint VM operation: ParallelGCFailedAllocation (Allocation Failure) done
Event: 104.252 Executing safepoint VM operation: ParallelGCSystemGC (GCLocker Initiated GC)
Event: 104.258 Executing safepoint VM operation: ParallelGCSystemGC (GCLocker Initiated GC) done
Event: 104.282 Executing non-safepoint VM operation: HandshakeAllThreads (Deoptimize)
Event: 104.282 Executing non-safepoint VM operation: HandshakeAllThreads (Deoptimize) done
Event: 104.324 Executing safepoint VM operation: ParallelGCFailedAllocation (Allocation Failure)

Memory protections (0 events):
No events

Nmethod flushes (20 events):
Event: 38.140 Thread 0x000001df005e1c00 flushing  nmethod 0x000001df6d7d2310
Event: 38.140 Thread 0x000001df005e1c00 flushing  nmethod 0x000001df6d7d2910
Event: 38.140 Thread 0x000001df005e1c00 flushing  nmethod 0x000001df6d7d2c90
Event: 38.140 Thread 0x000001df005e1c00 flushing  nmethod 0x000001df6d7d3010
Event: 38.140 Thread 0x000001df005e1c00 flushing  nmethod 0x000001df6d7d6f10
Event: 38.140 Thread 0x000001df005e1c00 flushing  nmethod 0x000001df6d7d7f10
Event: 38.140 Thread 0x000001df005e1c00 flushing  nmethod 0x000001df6d7daf90
Event: 38.140 Thread 0x000001df005e1c00 flushing  nmethod 0x000001df6d7dd690
Event: 38.140 Thread 0x000001df005e1c00 flushing  nmethod 0x000001df6d7dfb90
Event: 38.140 Thread 0x000001df005e1c00 flushing  nmethod 0x000001df6d7e3b90
Event: 38.140 Thread 0x000001df005e1c00 flushing  nmethod 0x000001df6d828f90
Event: 38.140 Thread 0x000001df005e1c00 flushing  nmethod 0x000001df6d829c90
Event: 38.140 Thread 0x000001df005e1c00 flushing  nmethod 0x000001df6d835910
Event: 38.140 Thread 0x000001df005e1c00 flushing  nmethod 0x000001df6d863410
Event: 38.140 Thread 0x000001df005e1c00 flushing  nmethod 0x000001df6d863e90
Event: 38.140 Thread 0x000001df005e1c00 flushing  nmethod 0x000001df6d865110
Event: 38.140 Thread 0x000001df005e1c00 flushing  nmethod 0x000001df6d865e10
Event: 38.140 Thread 0x000001df005e1c00 flushing  nmethod 0x000001df6d866210
Event: 38.140 Thread 0x000001df005e1c00 flushing  nmethod 0x000001df6d867910
Event: 38.140 Thread 0x000001df005e1c00 flushing  nmethod 0x000001df6d869390

Events (20 events):
Event: 53.914 Thread 0x000001df449bb340 Thread added: 0x000001df4aec1180
Event: 53.929 Thread 0x000001df449bb340 Thread added: 0x000001df4aec4c90
Event: 59.243 Thread 0x000001df005fb290 Thread added: 0x000001df4dd03480
Event: 59.984 Thread 0x000001df4dd03480 Thread exited: 0x000001df4dd03480
Event: 62.292 Thread 0x000001df005fb290 Thread added: 0x000001df4dd03480
Event: 62.489 Thread 0x000001df4dd03480 Thread exited: 0x000001df4dd03480
Event: 65.201 Thread 0x000001df42b40d90 Thread added: 0x000001df4dd03480
Event: 67.716 Thread 0x000001df4dd03480 Thread exited: 0x000001df4dd03480
Event: 87.785 Thread 0x000001df4aec4c90 Thread added: 0x000001df4aec59b0
Event: 88.901 Thread 0x000001df4aec4c90 Thread added: 0x000001df4aec6040
Event: 88.995 Thread 0x000001df4aec6040 Thread added: 0x000001df4aec66d0
Event: 88.996 Thread 0x000001df4aec6040 Thread added: 0x000001df449bc6f0
Event: 90.683 Thread 0x000001df42b40d90 Thread added: 0x000001df4dd03480
Event: 91.205 Thread 0x000001df4aec4c90 Thread added: 0x000001df449be130
Event: 91.265 Thread 0x000001df449be130 Thread added: 0x000001df4aa32240
Event: 91.266 Thread 0x000001df449be130 Thread added: 0x000001df490672d0
Event: 91.267 Thread 0x000001df4aa32240 Thread exited: 0x000001df4aa32240
Event: 91.451 Thread 0x000001df449be7c0 Thread added: 0x000001df4aa32240
Event: 103.002 Thread 0x000001df490672d0 Thread exited: 0x000001df490672d0
Event: 103.006 Thread 0x000001df449be130 Thread exited: 0x000001df449be130


Dynamic libraries:
0x00007ff714c40000 - 0x00007ff714c4e000 	c:\Users\effim\.vscode\extensions\redhat.java-1.54.0-win32-x64\jre\21.0.10-win32-x86_64\bin\java.exe
0x00007ffc1d640000 - 0x00007ffc1d8a7000 	C:\WINDOWS\SYSTEM32\ntdll.dll
0x00007ffc1d500000 - 0x00007ffc1d5c9000 	C:\WINDOWS\System32\KERNEL32.DLL
0x00007ffc1abc0000 - 0x00007ffc1afaf000 	C:\WINDOWS\System32\KERNELBASE.dll
0x00007ffc173c0000 - 0x00007ffc1745f000 	C:\WINDOWS\SYSTEM32\apphelp.dll
0x00007ffc1a840000 - 0x00007ffc1a98b000 	C:\WINDOWS\System32\ucrtbase.dll
0x00007ffc08f80000 - 0x00007ffc08f98000 	c:\Users\effim\.vscode\extensions\redhat.java-1.54.0-win32-x64\jre\21.0.10-win32-x86_64\bin\jli.dll
0x00007ffc097d0000 - 0x00007ffc097ee000 	c:\Users\effim\.vscode\extensions\redhat.java-1.54.0-win32-x64\jre\21.0.10-win32-x86_64\bin\VCRUNTIME140.dll
0x00007ffc1bd30000 - 0x00007ffc1bef5000 	C:\WINDOWS\System32\USER32.dll
0x00007ffc1b070000 - 0x00007ffc1b097000 	C:\WINDOWS\System32\win32u.dll
0x00007ffc1bd00000 - 0x00007ffc1bd2b000 	C:\WINDOWS\System32\GDI32.dll
0x00007ffc1b2b0000 - 0x00007ffc1b3dc000 	C:\WINDOWS\System32\gdi32full.dll
0x00007ffc05930000 - 0x00007ffc05bc3000 	C:\WINDOWS\WinSxS\amd64_microsoft.windows.common-controls_6595b64144ccf1df_6.0.26100.7309_none_3e05feeae336a044\COMCTL32.dll
0x00007ffc1d3e0000 - 0x00007ffc1d489000 	C:\WINDOWS\System32\msvcrt.dll
0x00007ffc1a790000 - 0x00007ffc1a833000 	C:\WINDOWS\System32\msvcp_win.dll
0x00007ffc1bb50000 - 0x00007ffc1bb81000 	C:\WINDOWS\System32\IMM32.DLL
0x00007ffc15390000 - 0x00007ffc1539c000 	c:\Users\effim\.vscode\extensions\redhat.java-1.54.0-win32-x64\jre\21.0.10-win32-x86_64\bin\vcruntime140_1.dll
0x00007ffbf7f60000 - 0x00007ffbf7fed000 	c:\Users\effim\.vscode\extensions\redhat.java-1.54.0-win32-x64\jre\21.0.10-win32-x86_64\bin\msvcp140.dll
0x00007ffb8f2b0000 - 0x00007ffb90051000 	c:\Users\effim\.vscode\extensions\redhat.java-1.54.0-win32-x64\jre\21.0.10-win32-x86_64\bin\server\jvm.dll
0x00007ffc1ba90000 - 0x00007ffc1bb44000 	C:\WINDOWS\System32\ADVAPI32.dll
0x00007ffc1b9e0000 - 0x00007ffc1ba86000 	C:\WINDOWS\System32\sechost.dll
0x00007ffc1d2c0000 - 0x00007ffc1d3d8000 	C:\WINDOWS\System32\RPCRT4.dll
0x00007ffc1bf90000 - 0x00007ffc1c004000 	C:\WINDOWS\System32\WS2_32.dll
0x00007ffc1a5f0000 - 0x00007ffc1a64e000 	C:\WINDOWS\SYSTEM32\POWRPROF.dll
0x00007ffc129d0000 - 0x00007ffc12a05000 	C:\WINDOWS\SYSTEM32\WINMM.dll
0x00007ffc13be0000 - 0x00007ffc13beb000 	C:\WINDOWS\SYSTEM32\VERSION.dll
0x00007ffc1a5d0000 - 0x00007ffc1a5e4000 	C:\WINDOWS\SYSTEM32\UMPDC.dll
0x00007ffc19540000 - 0x00007ffc1955b000 	C:\WINDOWS\SYSTEM32\kernel.appcore.dll
0x00007ffbfe980000 - 0x00007ffbfe98a000 	c:\Users\effim\.vscode\extensions\redhat.java-1.54.0-win32-x64\jre\21.0.10-win32-x86_64\bin\jimage.dll
0x00007ffc17eb0000 - 0x00007ffc180f2000 	C:\WINDOWS\SYSTEM32\DBGHELP.DLL
0x00007ffc1b650000 - 0x00007ffc1b9d5000 	C:\WINDOWS\System32\combase.dll
0x00007ffc1c010000 - 0x00007ffc1c0e6000 	C:\WINDOWS\System32\OLEAUT32.dll
0x00007ffbf7830000 - 0x00007ffbf786c000 	C:\WINDOWS\SYSTEM32\dbgcore.DLL
0x00007ffc1afc0000 - 0x00007ffc1b065000 	C:\WINDOWS\System32\bcryptPrimitives.dll
0x00007ffbfd090000 - 0x00007ffbfd09f000 	c:\Users\effim\.vscode\extensions\redhat.java-1.54.0-win32-x64\jre\21.0.10-win32-x86_64\bin\instrument.dll
0x00007ffbfb540000 - 0x00007ffbfb560000 	c:\Users\effim\.vscode\extensions\redhat.java-1.54.0-win32-x64\jre\21.0.10-win32-x86_64\bin\java.dll
0x00007ffc1c100000 - 0x00007ffc1c853000 	C:\WINDOWS\System32\SHELL32.dll
0x00007ffc1a990000 - 0x00007ffc1aafa000 	C:\WINDOWS\System32\wintypes.dll
0x00007ffc18390000 - 0x00007ffc18bee000 	C:\WINDOWS\SYSTEM32\windows.storage.dll
0x00007ffc1cfd0000 - 0x00007ffc1d0c5000 	C:\WINDOWS\System32\SHCORE.dll
0x00007ffc1d490000 - 0x00007ffc1d4f6000 	C:\WINDOWS\System32\shlwapi.dll
0x00007ffc1a6b0000 - 0x00007ffc1a6d9000 	C:\WINDOWS\SYSTEM32\profapi.dll
0x00007ffbf9410000 - 0x00007ffbf9428000 	c:\Users\effim\.vscode\extensions\redhat.java-1.54.0-win32-x64\jre\21.0.10-win32-x86_64\bin\zip.dll
0x00007ffbf9850000 - 0x00007ffbf9860000 	C:\Users\effim\.vscode\extensions\redhat.java-1.54.0-win32-x64\jre\21.0.10-win32-x86_64\bin\net.dll
0x00007ffc0f740000 - 0x00007ffc0f868000 	C:\WINDOWS\SYSTEM32\WINHTTP.dll
0x00007ffc19ab0000 - 0x00007ffc19b1b000 	C:\WINDOWS\system32\mswsock.dll
0x00007ffbf8bf0000 - 0x00007ffbf8c06000 	C:\Users\effim\.vscode\extensions\redhat.java-1.54.0-win32-x64\jre\21.0.10-win32-x86_64\bin\nio.dll
0x00007ffbf8be0000 - 0x00007ffbf8bf0000 	c:\Users\effim\.vscode\extensions\redhat.java-1.54.0-win32-x64\jre\21.0.10-win32-x86_64\bin\verify.dll
0x00007ffbf9b30000 - 0x00007ffbf9b75000 	C:\Users\effim\AppData\Roaming\Code\User\globalStorage\redhat.java\1.54.0\config_win\org.eclipse.equinox.launcher\org.eclipse.equinox.launcher.win32.win32.x86_64_1.3.0.v20260203-2149\eclipse_11919.dll
0x00007ffc1d110000 - 0x00007ffc1d2a7000 	C:\WINDOWS\System32\ole32.dll
0x00007ffc19d70000 - 0x00007ffc19d8b000 	C:\WINDOWS\SYSTEM32\CRYPTSP.dll
0x00007ffc194a0000 - 0x00007ffc194da000 	C:\WINDOWS\system32\rsaenh.dll
0x00007ffc19b60000 - 0x00007ffc19b8b000 	C:\WINDOWS\SYSTEM32\USERENV.dll
0x00007ffc1a680000 - 0x00007ffc1a6aa000 	C:\WINDOWS\SYSTEM32\bcrypt.dll
0x00007ffc19d90000 - 0x00007ffc19d9c000 	C:\WINDOWS\SYSTEM32\CRYPTBASE.dll
0x00007ffc18f30000 - 0x00007ffc18f64000 	C:\WINDOWS\SYSTEM32\IPHLPAPI.DLL
0x00007ffc1c0f0000 - 0x00007ffc1c0fa000 	C:\WINDOWS\System32\NSI.dll
0x00007ffbf6dd0000 - 0x00007ffbf6e19000 	C:\Users\effim\AppData\Local\Temp\jna-96415689\jna7288668230599480608.dll
0x00007ffc1d5d0000 - 0x00007ffc1d5d8000 	C:\WINDOWS\System32\PSAPI.DLL
0x00007ffc0fe50000 - 0x00007ffc0fe6e000 	C:\WINDOWS\SYSTEM32\dhcpcsvc6.DLL
0x00007ffc0f710000 - 0x00007ffc0f733000 	C:\WINDOWS\SYSTEM32\dhcpcsvc.DLL
0x00007ffbaad90000 - 0x00007ffbaadb7000 	C:\Users\effim\.gradle\native\1def1411415f61bf3af743bc5b6707747c0891f09f0c88961ee8f79bc544acac\windows-amd64\native-platform.dll
0x00007ffc0e4c0000 - 0x00007ffc0e4ca000 	C:\Users\effim\.vscode\extensions\redhat.java-1.54.0-win32-x64\jre\21.0.10-win32-x86_64\bin\management.dll
0x00007ffbf9a80000 - 0x00007ffbf9a8c000 	C:\Users\effim\.vscode\extensions\redhat.java-1.54.0-win32-x64\jre\21.0.10-win32-x86_64\bin\management_ext.dll
0x00007ffbf7f00000 - 0x00007ffbf7f09000 	C:\Users\effim\.vscode\extensions\redhat.java-1.54.0-win32-x64\jre\21.0.10-win32-x86_64\bin\extnet.dll

JVMTI agents:
c:\Users\effim\.vscode\extensions\redhat.java-1.54.0-win32-x64\lombok\lombok-1.18.39-4050.jar path:c:\Users\effim\.vscode\extensions\redhat.java-1.54.0-win32-x64\jre\21.0.10-win32-x86_64\bin\instrument.dll, loaded, initialized, instrumentlib options:none

dbghelp: loaded successfully - version: 4.0.5 - missing functions: none
symbol engine: initialized successfully - sym options: 0x614 - pdb path: .;c:\Users\effim\.vscode\extensions\redhat.java-1.54.0-win32-x64\jre\21.0.10-win32-x86_64\bin;C:\WINDOWS\SYSTEM32;C:\WINDOWS\WinSxS\amd64_microsoft.windows.common-controls_6595b64144ccf1df_6.0.26100.7309_none_3e05feeae336a044;c:\Users\effim\.vscode\extensions\redhat.java-1.54.0-win32-x64\jre\21.0.10-win32-x86_64\bin\server;C:\Users\effim\AppData\Roaming\Code\User\globalStorage\redhat.java\1.54.0\config_win\org.eclipse.equinox.launcher\org.eclipse.equinox.launcher.win32.win32.x86_64_1.3.0.v20260203-2149;C:\Users\effim\AppData\Local\Temp\jna-96415689;C:\Users\effim\.gradle\native\1def1411415f61bf3af743bc5b6707747c0891f09f0c88961ee8f79bc544acac\windows-amd64

VM Arguments:
jvm_args: --add-modules=ALL-SYSTEM --add-opens=java.base/java.util=ALL-UNNAMED --add-opens=java.base/java.lang=ALL-UNNAMED --add-opens=java.base/sun.nio.fs=ALL-UNNAMED -Declipse.application=org.eclipse.jdt.ls.core.id1 -Dosgi.bundles.defaultStartLevel=4 -Declipse.product=org.eclipse.jdt.ls.core.product -Djava.import.generatesMetadataFilesAtProjectRoot=false -DDetectVMInstallationsJob.disabled=true -Dfile.encoding=utf8 -XX:+UseParallelGC -XX:GCTimeRatio=4 -XX:AdaptiveSizePolicyWeight=90 -Dsun.zip.disableMemoryMapping=true -Xmx2G -Xms100m -Xlog:disable -javaagent:c:\Users\effim\.vscode\extensions\redhat.java-1.54.0-win32-x64\lombok\lombok-1.18.39-4050.jar -XX:+HeapDumpOnOutOfMemoryError -XX:HeapDumpPath=c:\Users\effim\AppData\Roaming\Code\User\workspaceStorage\ab009956ade65e3582adff010e13fee3\redhat.java -Daether.dependencyCollector.impl=bf 
java_command: c:\Users\effim\.vscode\extensions\redhat.java-1.54.0-win32-x64\server\plugins\org.eclipse.equinox.launcher_1.7.100.v20251111-0406.jar -configuration c:\Users\effim\AppData\Roaming\Code\User\globalStorage\redhat.java\1.54.0\config_win -data c:\Users\effim\AppData\Roaming\Code\User\workspaceStorage\ab009956ade65e3582adff010e13fee3\redhat.java\jdt_ws --pipe=\\.\pipe\lsp-acb30e2208094a1246ade42b25e990b2-sock
java_class_path (initial): c:\Users\effim\.vscode\extensions\redhat.java-1.54.0-win32-x64\server\plugins\org.eclipse.equinox.launcher_1.7.100.v20251111-0406.jar
Launcher Type: SUN_STANDARD

[Global flags]
    uintx AdaptiveSizePolicyWeight                 = 90                                        {product} {command line}
     intx CICompilerCount                          = 12                                        {product} {ergonomic}
    uintx GCTimeRatio                              = 4                                         {product} {command line}
     bool HeapDumpOnOutOfMemoryError               = true                                   {manageable} {command line}
    ccstr HeapDumpPath                             = c:\Users\effim\AppData\Roaming\Code\User\workspaceStorage\ab009956ade65e3582adff010e13fee3\redhat.java         {manageable} {command line}
   size_t InitialHeapSize                          = 104857600                                 {product} {command line}
   size_t MaxHeapSize                              = 2147483648                                {product} {command line}
   size_t MaxNewSize                               = 715653120                                 {product} {ergonomic}
   size_t MinHeapDeltaBytes                        = 524288                                    {product} {ergonomic}
   size_t MinHeapSize                              = 104857600                                 {product} {command line}
   size_t NewSize                                  = 34603008                                  {product} {ergonomic}
    uintx NonNMethodCodeHeapSize                   = 7602480                                {pd product} {ergonomic}
    uintx NonProfiledCodeHeapSize                  = 122027880                              {pd product} {ergonomic}
   size_t OldSize                                  = 70254592                                  {product} {ergonomic}
    uintx ProfiledCodeHeapSize                     = 122027880                              {pd product} {ergonomic}
    uintx ReservedCodeCacheSize                    = 251658240                              {pd product} {ergonomic}
     bool SegmentedCodeCache                       = true                                      {product} {ergonomic}
   size_t SoftMaxHeapSize                          = 2147483648                             {manageable} {ergonomic}
     bool UseCompressedOops                        = true                           {product lp64_product} {ergonomic}
     bool UseLargePagesIndividualAllocation        = false                                  {pd product} {ergonomic}
     bool UseParallelGC                            = true                                      {product} {command line}

Logging:
Log output configuration:
 #0: stdout all=off uptime,level,tags foldmultilines=false
 #1: stderr all=off uptime,level,tags foldmultilines=false

Release file:
JAVA_VERSION="21.0.10" 
MODULES="java.base java.compiler java.datatransfer java.xml java.prefs java.desktop java.instrument java.logging java.management java.security.sasl java.naming java.rmi java.management.rmi java.net.http java.scripting java.security.jgss java.transaction.xa java.sql java.sql.rowset java.xml.crypto java.se java.smartcardio jdk.accessibility jdk.internal.jvmstat jdk.attach jdk.charsets jdk.internal.opt jdk.zipfs jdk.compiler jdk.crypto.ec jdk.crypto.cryptoki jdk.crypto.mscapi jdk.dynalink jdk.internal.ed jdk.editpad jdk.hotspot.agent jdk.httpserver jdk.internal.le jdk.internal.vm.ci jdk.internal.vm.compiler jdk.internal.vm.compiler.management jdk.jartool jdk.javadoc jdk.jcmd jdk.management jdk.management.agent jdk.jconsole jdk.jdeps jdk.jdwp.agent jdk.jdi jdk.jfr jdk.jshell jdk.jsobject jdk.jstatd jdk.localedata jdk.management.jfr jdk.naming.dns jdk.naming.rmi jdk.net jdk.nio.mapmode jdk.random jdk.sctp jdk.security.auth jdk.security.jgss jdk.unsupported jdk.unsupported.desktop jdk.xml.dom" 

Environment Variables:
PATH=C:\Program Files\Common Files\Oracle\Java\javapath;C:\WINDOWS\system32;C:\WINDOWS;C:\WINDOWS\System32\Wbem;C:\WINDOWS\System32\WindowsPowerShell\v1.0\;C:\WINDOWS\System32\OpenSSH\;C:\Program Files\dotnet\;C:\Program Files\Git\cmd;;C:\Program Files\Docker\Docker\resources\bin;C:\Program Files\Tailscale\;C:\Program Files\nodejs\;C:\Users\effim\AppData\Local\Programs\Python\Launcher\;C:\Users\effim\AppData\Local\Microsoft\WindowsApps;C:\Users\effim\AppData\Local\Programs\Microsoft VS Code\bin;C:\Users\effim\AppData\Local\GitHubDesktop\bin;C:\Users\effim\AppData\Roaming\npm
USERNAME=effim
OS=Windows_NT
PROCESSOR_IDENTIFIER=AMD64 Family 23 Model 104 Stepping 1, AuthenticAMD
TMP=C:\Users\effim\AppData\Local\Temp
TEMP=C:\Users\effim\AppData\Local\Temp




Periodic native trim disabled

---------------  S Y S T E M  ---------------

OS:
 Windows 11 , 64 bit Build 26100 (10.0.26100.7309)
OS uptime: 0 days 0:46 hours
Hyper-V role detected

CPU: total 16 (initial active 16) (16 cores per cpu, 2 threads per core) family 23 model 104 stepping 1 microcode 0x8608109, cx8, cmov, fxsr, ht, mmx, 3dnowpref, sse, sse2, sse3, ssse3, sse4a, sse4.1, sse4.2, popcnt, lzcnt, tsc, tscinvbit, avx, avx2, aes, clmul, bmi1, bmi2, adx, sha, fma, vzeroupper, clflush, clflushopt, hv, rdtscp, rdpid, f16c
Processor Information for the first 16 processors :
  Max Mhz: 1800, Current Mhz: 1400, Mhz Limit: 1800

Memory: 4k page, system-wide physical 5989M (85M free)
TotalPageFile size 24421M (AvailPageFile size 2M)
current process WorkingSet (physical memory assigned to process): 166M, peak: 553M
current process commit charge ("private bytes"): 836M, peak: 850M

vm_info: OpenJDK 64-Bit Server VM (21.0.10+7-LTS) for windows-amd64 JRE (21.0.10+7-LTS), built on 2026-01-20T00:00:00Z by "admin" with MS VC++ 17.12 (VS2022)

END.
